// Jest Snapshot v1, https://goo.gl/fbAQLP

exports[`applyBaseConfig should match snapshot 1`] = `
Object {
  "mode": "development",
  "module": Object {
    "rules": Array [
      Object {
        "test": /\\\\\\.vue\\$/,
        "use": Array [
          Object {
            "loader": "vue-loader",
          },
        ],
      },
      Object {
        "test": /\\\\\\.css\\$/,
        "use": Array [
          Object {
            "loader": "/Users/van.bong/projects/vuestatic/node_modules/mini-css-extract-plugin/dist/loader.js",
          },
          Object {
            "loader": "css-loader",
            "options": Object {
              "importLoaders": 1,
            },
          },
          Object {
            "loader": "postcss-loader",
          },
        ],
      },
    ],
  },
  "node": Object {
    "setImmediate": false,
  },
  "plugins": Array [
    VueLoaderPlugin {},
    MiniCssExtractPlugin {
      "options": Object {
        "chunkFilename": "_assets/[name].css",
        "filename": "_assets/[name].css",
        "ignoreOrder": false,
        "moduleFilename": [Function],
      },
    },
    CleanWebpackPlugin {
      "apply": [Function],
      "cleanAfterEveryBuildPatterns": Array [],
      "cleanOnceBeforeBuildPatterns": Array [
        "**/*",
      ],
      "cleanStaleWebpackAssets": false,
      "currentAssets": Array [],
      "dangerouslyAllowCleanPatternsOutsideProject": false,
      "dry": false,
      "handleDone": [Function],
      "handleInitial": [Function],
      "initialClean": false,
      "outputPath": "",
      "protectWebpackAssets": true,
      "removeFiles": [Function],
      "verbose": false,
    },
    DefinePlugin {
      "definitions": Object {
        "process.env.NODE_ENV": "\\"development\\"",
      },
    },
  ],
  "resolve": Object {
    "alias": Object {
      "@vuestatic/app": "/Users/van.bong/projects/vuestatic/packages/vuestatic-core/src/app.js",
    },
  },
}
`;
